------------------------------------------------------------
Timing Analyzer Summary
------------------------------------------------------------

Type  : Slow 1100mV 85C Model Setup 'clk'
Slack : -0.825
TNS   : -4.759

Type  : Slow 1100mV 85C Model Hold 'clk'
Slack : 0.375
TNS   : 0.000

Type  : Slow 1100mV 85C Model Minimum Pulse Width 'clk'
Slack : -0.394
TNS   : -4.183

Type  : Slow 1100mV 0C Model Setup 'clk'
Slack : -0.903
TNS   : -5.223

Type  : Slow 1100mV 0C Model Hold 'clk'
Slack : 0.372
TNS   : 0.000

Type  : Slow 1100mV 0C Model Minimum Pulse Width 'clk'
Slack : -0.394
TNS   : -4.582

Type  : Fast 1100mV 85C Model Setup 'clk'
Slack : 0.008
TNS   : 0.000

Type  : Fast 1100mV 85C Model Hold 'clk'
Slack : 0.185
TNS   : 0.000

Type  : Fast 1100mV 85C Model Minimum Pulse Width 'clk'
Slack : -0.078
TNS   : -0.609

Type  : Fast 1100mV 0C Model Setup 'clk'
Slack : 0.035
TNS   : 0.000

Type  : Fast 1100mV 0C Model Hold 'clk'
Slack : 0.180
TNS   : 0.000

Type  : Fast 1100mV 0C Model Minimum Pulse Width 'clk'
Slack : -0.079
TNS   : -0.622

------------------------------------------------------------
